../Core/Src/main.c:94:6:Write_To_SD	192	static
../Core/Src/main.c:105:7:Read_Sensor0	24	static
../Core/Src/main.c:118:7:Read_Sensor1	24	static
../Core/Src/main.c:130:7:Read_Sensor2	24	static
../Core/Src/main.c:142:7:Transmit_Data	40	static
../Core/Src/main.c:184:5:main	8	static
../Core/Src/main.c:251:6:SystemClock_Config	88	static
../Core/Src/main.c:298:13:MX_ADC1_Init	24	static
../Core/Src/main.c:345:13:MX_CAN_Init	48	static
../Core/Src/main.c:397:13:MX_SPI1_Init	8	static
../Core/Src/main.c:435:13:MX_GPIO_Init	40	static
../Core/Src/main.c:485:6:Error_Handler	4	static,ignoring_inline_asm
